[list2.cfm?category=Bracelets&subcat=Bone]
Mapping=d:\webspace\PANDEY\semiprecious.com\WWW\CFC5E4.tmp
SourceTimeStamp=09/26/2002 03:40:14 PM
[list.cfm?category=Necklaces&start=41&sortorder=datetaken&subcat=&color=&&priceless=&pricegreater=&salestatus=&advancedsearch=]
Mapping=d:\webspace\PANDEY\semiprecious.com\WWW\CFC2AE.tmp
SourceTimeStamp=05/21/2004 10:34:02 AM
[garnet.cfm?category=All]
Mapping=d:\webspace\PANDEY\semiprecious.com\WWW\CFC2AF.tmp
SourceTimeStamp=09/26/2002 04:22:15 PM
[list.cfm?category=Necklaces&subcat=Garnet]
Mapping=d:\webspace\PANDEY\semiprecious.com\WWW\CFC2B1.tmp
SourceTimeStamp=05/21/2004 10:34:02 AM
[list.cfm?category=Bracelets&subcat=Bone]
Mapping=d:\webspace\PANDEY\semiprecious.com\WWW\CFC2B2.tmp
SourceTimeStamp=05/21/2004 10:34:02 AM
[necklaces.cfm]
Mapping=d:\webspace\PANDEY\semiprecious.com\WWW\CFC2B9.tmp
SourceTimeStamp=09/26/2002 04:15:34 PM
[list.cfm?category=Pendants&subcat=Hezzonite]
Mapping=d:\webspace\PANDEY\semiprecious.com\WWW\CFC2C3.tmp
SourceTimeStamp=05/21/2004 10:34:02 AM
[list.cfm?category=Pendants&subcat=Carnelian]
Mapping=d:\webspace\PANDEY\semiprecious.com\WWW\CFC2C9.tmp
SourceTimeStamp=05/21/2004 11:08:19 PM
